<html>
<body>
<pre>
<h1>µVision Build Log</h1>
<h2>Tool Versions:</h2>
IDE-Version: ¦ÌVision V5.41.0.0
Copyright (C) 2024 ARM Ltd and ARM Germany GmbH. All rights reserved.
License Information: 1 2295686846@qq.com, 1, LIC=76F5U-SQNFB-ARSXW-QZZ8P-MR37F-PYXIF
 
Tool Versions:
Toolchain:       MDK-ARM Plus  Version: 5.41.0.0
Toolchain Path:  C:\Users\22956\AppData\Local\Keil_v5\ARM\ARMCC\Bin
C Compiler:      Armcc.exe V5.06 update 7 (build 960)
Assembler:       Armasm.exe V5.06 update 7 (build 960)
Linker/Locator:  ArmLink.exe V5.06 update 7 (build 960)
Library Manager: ArmAr.exe V5.06 update 7 (build 960)
Hex Converter:   FromElf.exe V5.06 update 7 (build 960)
CPU DLL:         SARMCM3.DLL V5.41.0.0
Dialog DLL:      DCM.DLL V1.17.5.0
Target DLL:      CMSIS_AGDI.dll V1.33.21.0
Dialog DLL:      TCM.DLL V1.56.4.0
 
<h2>Project:</h2>
E:\STM32\project2\project2\MDK-ARM\project2.uvprojx
Project File Date:  07/08/2026

<h2>Output:</h2>
*** Using Compiler 'V5.06 update 7 (build 960)', folder: 'C:\Users\22956\AppData\Local\Keil_v5\ARM\ARMCC\Bin'
Rebuild target 'project2'
assembling startup_stm32f407xx.s...
compiling pid.c...
compiling imu.c...
compiling encoder.c...
compiling icm20948.c...
compiling stm32f4xx_it.c...
compiling i2c.c...
compiling usart.c...
compiling mecanum.c...
compiling motor.c...
compiling stm32f4xx_hal_msp.c...
compiling tim.c...
compiling servo.c...
compiling gpio.c...
compiling kinematics.c...
compiling main.c...
compiling oled.c...
../Core/Src/oled.c(242): warning:  #177-D: variable "buf"  was declared but never referenced
      char buf[16];
../Core/Src/oled.c(279): warning:  #223-D: function "abs" declared implicitly
      dx = abs(x2 - x1);
../Core/Src/oled.c(426): warning:  #177-D: variable "buf"  was declared but never referenced
      char buf[32];
../Core/Src/oled.c: 3 warnings, 0 errors
compiling ros_protocol.c...
compiling battery.c...
compiling protocol.c...
compiling stm32f4xx_hal_flash_ex.c...
compiling bode_collector.c...
compiling stm32f4xx_hal_flash_ramfunc.c...
compiling led.c...
compiling control_source.c...
compiling stm32f4xx_hal_flash.c...
compiling stm32f4xx_hal_gpio.c...
compiling stm32f4xx_hal_rcc_ex.c...
compiling stm32f4xx_hal_rcc.c...
compiling stm32f4xx_hal_tim_ex.c...
compiling stm32f4xx_hal_tim.c...
compiling stm32f4xx_hal_dma_ex.c...
compiling stm32f4xx_hal_dma.c...
compiling stm32f4xx_hal_pwr_ex.c...
compiling stm32f4xx_hal_exti.c...
compiling stm32f4xx_hal_cortex.c...
compiling system_stm32f4xx.c...
compiling stm32f4xx_hal.c...
compiling stm32f4xx_hal_pwr.c...
compiling stm32f4xx_hal_uart.c...
linking...
Program Size: Code=42936 RO-data=3480 RW-data=188 ZI-data=41852  
FromELF: creating hex file...
"project2\project2.axf" - 0 Error(s), 3 Warning(s).

<h2>Software Packages used:</h2>

Package Vendor: ARM
                https://www.keil.com/pack/ARM.CMSIS.6.1.0.pack
                ARM::CMSIS@6.1.0
                CMSIS (Common Microcontroller Software Interface Standard)
   * Component: CORE Version: 6.1.0

Package Vendor: Keil
                https://www.keil.com/pack/Keil.STM32F4xx_DFP.3.1.1.pack
                Keil::STM32F4xx_DFP@3.1.1
                STMicroelectronics STM32F4 Series Device Support

<h2>Collection of Component include folders:</h2>
  ./RTE/_project2
  C:/Users/22956/AppData/Local/Arm/Packs/ARM/CMSIS/6.1.0/CMSIS/Core/Include

<h2>Collection of Component Files used:</h2>

   * Component: ARM::CMSIS:CORE@6.1.0
      Include file:  CMSIS/Core/Include/tz_context.h
Build Time Elapsed:  00:00:25
</pre>
</body>
</html>
